Warning messages:
1: package 'here' was built under R version 4.4.3 
2: package 'MASS' was built under R version 4.4.3 
── Attaching core tidyverse packages ──────────────────────── tidyverse 2.0.0 ──
✔ forcats   1.0.0     ✔ readr     2.1.5
✔ ggplot2   4.0.3     ✔ stringr   1.6.0
✔ lubridate 1.9.3     ✔ tibble    3.2.1
✔ purrr     1.0.2     ✔ tidyr     1.3.1
── Conflicts ────────────────────────────────────────── tidyverse_conflicts() ──
✖ purrr::accumulate() masks foreach::accumulate()
✖ tidyr::expand()     masks Matrix::expand()
✖ dplyr::filter()     masks stats::filter()
✖ dplyr::lag()        masks stats::lag()
✖ tidyr::pack()       masks Matrix::pack()
✖ MASS::select()      masks dplyr::select()
✖ tidyr::unpack()     masks Matrix::unpack()
✖ purrr::when()       masks foreach::when()
ℹ Use the conflicted package (<http://conflicted.r-lib.org/>) to force all conflicts to become errors
Warning messages:
1: package 'tidyverse' was built under R version 4.4.3 
2: package 'ggplot2' was built under R version 4.4.3 
3: package 'stringr' was built under R version 4.4.3 
Warning message:
package 'data.table' was built under R version 4.4.3 
Warning message:
package 'broom' was built under R version 4.4.3 

[variant=fb] 185 of 200 iters remaining
[variant=fb] chunk 1/24: iters 16..23 (n=8)
  done in 2247.5s
[variant=fb] chunk 2/24: iters 24..31 (n=8)
  done in 2406.6s
[variant=fb] chunk 3/24: iters 32..39 (n=8)
  done in 1378.6s
[variant=fb] chunk 4/24: iters 40..47 (n=8)
  done in 928.1s
[variant=fb] chunk 5/24: iters 48..55 (n=8)
  done in 1473.3s
[variant=fb] chunk 6/24: iters 56..63 (n=8)
  done in 1990.2s
[variant=fb] chunk 7/24: iters 64..71 (n=8)
  done in 969.1s
[variant=fb] chunk 8/24: iters 72..79 (n=8)
  done in 873.0s
[variant=fb] chunk 9/24: iters 80..87 (n=8)
  done in 867.5s
[variant=fb] chunk 10/24: iters 88..95 (n=8)
  done in 812.3s
[variant=fb] chunk 11/24: iters 96..103 (n=8)
  done in 749.5s
[variant=fb] chunk 12/24: iters 104..111 (n=8)
  done in 763.9s
[variant=fb] chunk 13/24: iters 112..119 (n=8)
  done in 781.2s
[variant=fb] chunk 14/24: iters 120..127 (n=8)
  done in 745.0s
[variant=fb] chunk 15/24: iters 128..135 (n=8)
  done in 713.7s
[variant=fb] chunk 16/24: iters 136..143 (n=8)
  done in 713.2s
[variant=fb] chunk 17/24: iters 144..151 (n=8)
  done in 726.3s
[variant=fb] chunk 18/24: iters 152..159 (n=8)
  done in 724.4s
[variant=fb] chunk 19/24: iters 160..167 (n=8)
  done in 714.6s
[variant=fb] chunk 20/24: iters 168..175 (n=8)
  done in 704.0s
[variant=fb] chunk 21/24: iters 176..183 (n=8)
  done in 709.0s
[variant=fb] chunk 22/24: iters 184..191 (n=8)
  done in 713.0s
[variant=fb] chunk 23/24: iters 192..199 (n=8)
  done in 707.3s
[variant=fb] chunk 24/24: iters 200..200 (n=1)
  done in 330.1s
[variant=fb] wrote 200 rows to C:/Users/andre/OneDrive/Documents/estimand_tutorial/results/sim_tv_all_estimands_fb.rds

[variant=pure] 185 of 200 iters remaining
[variant=pure] chunk 1/24: iters 16..23 (n=8)
  done in 715.8s
[variant=pure] chunk 2/24: iters 24..31 (n=8)
  done in 719.6s
[variant=pure] chunk 3/24: iters 32..39 (n=8)
  done in 746.5s
[variant=pure] chunk 4/24: iters 40..47 (n=8)
  done in 716.3s
[variant=pure] chunk 5/24: iters 48..55 (n=8)
  done in 705.4s
[variant=pure] chunk 6/24: iters 56..63 (n=8)
  done in 727.6s
[variant=pure] chunk 7/24: iters 64..71 (n=8)
  done in 719.9s
[variant=pure] chunk 8/24: iters 72..79 (n=8)
  done in 735.5s
[variant=pure] chunk 9/24: iters 80..87 (n=8)
  done in 724.9s
[variant=pure] chunk 10/24: iters 88..95 (n=8)
  done in 719.5s
[variant=pure] chunk 11/24: iters 96..103 (n=8)
  done in 711.7s
[variant=pure] chunk 12/24: iters 104..111 (n=8)
  done in 1680.1s
[variant=pure] chunk 13/24: iters 112..119 (n=8)
  done in 1567.2s
[variant=pure] chunk 14/24: iters 120..127 (n=8)
  done in 1478.0s
[variant=pure] chunk 15/24: iters 128..135 (n=8)
  done in 1016.0s
[variant=pure] chunk 16/24: iters 136..143 (n=8)
  done in 1154.5s
[variant=pure] chunk 17/24: iters 144..151 (n=8)
  done in 1161.7s
[variant=pure] chunk 18/24: iters 152..159 (n=8)
  done in 1843.0s
[variant=pure] chunk 19/24: iters 160..167 (n=8)
  done in 951.5s
[variant=pure] chunk 20/24: iters 168..175 (n=8)
  done in 1931.7s
[variant=pure] chunk 21/24: iters 176..183 (n=8)
  done in 757.8s
[variant=pure] chunk 22/24: iters 184..191 (n=8)
  done in 1403.0s
[variant=pure] chunk 23/24: iters 192..199 (n=8)
  done in 1865.0s
[variant=pure] chunk 24/24: iters 200..200 (n=1)
  done in 1402.0s
[variant=pure] wrote 200 rows to C:/Users/andre/OneDrive/Documents/estimand_tutorial/results/sim_tv_all_estimands_pure.rds

All variants done.
